{"\u0627\u0644\u0641": [{"word": "Evaluation", "translation": "\u0627\u0631\u0632\u06cc\u0627\u0628\u06cc"}, {"word": "Testing", "translation": "\u0622\u0632\u0645\u0648\u0646"}, {"word": "10-Fold Cross Validation", "translation": "\u0627\u0639\u062a\u0628\u0627\u0631\u0633\u0646\u062c\u06cc \u0645\u062a\u0642\u0627\u0628\u0644 \u062f\u0647 \u0628\u0631\u0627\u0628\u0631\u06cc"}, {"word": "Wilcoxon signed-rank test", "translation": "\u0622\u0632\u0645\u0648\u0646 \u0648\u06cc\u0644\u06a9\u0627\u06a9\u0633\u0648\u0646 \u0631\u062a\u0628\u0647 \u0639\u0644\u0627\u0645\u062a \u062f\u0627\u0631"}, {"word": "concat", "translation": "\u0627\u062f\u063a\u0627\u0645"}, {"word": "training", "translation": "\u0622\u0645\u0648\u0632\u0634\u06cc"}, {"word": "augmentation", "translation": "\u0627\u062f\u063a\u0627\u0645"}, {"word": "evaluator", "translation": "\u0627\u0631\u0632\u06cc\u0627\u0628\u06cc \u06a9\u0646\u0646\u062f\u0647"}, {"word": "visitor design pattern", "translation": "\u0627\u0644\u06af\u0648\u06cc \u0637\u0631\u0627\u062d\u06cc \u0628\u0627\u0632\u062f\u06cc\u062f\u06a9\u0646\u0646\u062f\u0647"}, {"word": "unit test", "translation": "\u0622\u0632\u0645\u0648\u0646 \u0648\u0627\u062d\u062f"}, {"word": "end-to-end test", "translation": "\u0622\u0632\u0645\u0648\u0646 \u067e\u0627\u06cc\u0627\u0646 \u0628\u0647 \u067e\u0627\u06cc\u0627\u0646"}, {"word": "develop", "translation": "\u0627\u06cc\u062c\u0627\u062f"}, {"word": "developer", "translation": "\u0627\u06cc\u062c\u0627\u062f\u06a9\u0646\u0646\u062f\u0647"}, {"word": "executable", "translation": "\u0627\u062c\u0631\u0627\u200c\u067e\u0630\u06cc\u0631"}, {"word": "static", "translation": "\u0627\u06cc\u0633\u062a\u0627"}, {"word": "function signature", "translation": "\u0627\u0645\u0636\u0627\u06cc \u062a\u0627\u0628\u0639"}, {"word": "adapter", "translation": "\u0622\u062f\u0627\u067e\u062a\u0648\u0631"}, {"word": "Intelligence Sofware Engineering Lab", "translation": "\u0622\u0632\u0645\u0627\u06cc\u0634\u06af\u0627\u0647 \u0645\u0647\u0646\u062f\u0633\u06cc \u0646\u0631\u0645\u200c\u0627\u0641\u0632\u0627\u0631 \u0647\u0648\u0634\u0645\u0646\u062f"}, {"word": "derivation", "translation": "\u0627\u0634\u062a\u0642\u0627\u0642"}, {"word": "Coupling", "translation": "\u0627\u062a\u0635\u0627\u0644\u0627\u062a"}, {"word": "Cohesion", "translation": "\u0627\u0646\u0633\u062c\u0627\u0645"}], "\u0632": [{"word": "Setup", "translation": "\u0632\u06cc\u0631\u0628\u0646\u0627"}, {"word": "Context", "translation": "\u0632\u0645\u06cc\u0646\u0647"}, {"word": "loss", "translation": "\u0632\u06cc\u0627\u0646"}], "\u0645": [{"word": "Large Language Models (LLM)", "translation": "\u0645\u062f\u0644\u200c\u0647\u0627\u06cc \u0628\u0632\u0631\u06af \u0632\u0628\u0627\u0646\u06cc"}, {"word": "Metric", "translation": "\u0645\u0639\u06cc\u0627\u0631"}, {"word": "Code Quality Metrics", "translation": "\u0645\u0639\u06cc\u0627\u0631\u0647\u0627\u06cc \u06a9\u06cc\u0641\u06cc\u062a \u06a9\u062f"}, {"word": "Markdown", "translation": "\u0645\u0627\u0631\u06a9\u062f\u0627\u0648\u0646"}, {"word": "Script", "translation": "\u0645\u062a\u0646"}, {"word": "Traditional", "translation": "\u0645\u0631\u0633\u0648\u0645"}, {"word": "embedding", "translation": "\u0645\u0627\u062a\u0631\u06cc\u0633 \u0627\u0646\u062a\u0635\u0627\u0628"}, {"word": "prompt engineering", "translation": "\u0645\u0647\u0646\u062f\u0633\u06cc \u0641\u0631\u0645\u0627\u0646"}, {"word": "p value", "translation": "\u0645\u0642\u062f\u0627\u0631 \u0627\u062d\u062a\u0645\u0627\u0644"}, {"word": "Transformer", "translation": "\u0645\u0628\u062f\u0644"}, {"word": "False Negative", "translation": "\u0645\u0646\u0641\u06cc \u06a9\u0627\u0630\u0628"}, {"word": "artifact", "translation": "\u0645\u0635\u0646\u0648\u0639"}, {"word": "code repository", "translation": "\u0645\u062e\u0632\u0646 \u06a9\u062f"}, {"word": "Software Word Usage Model (SWUM)", "translation": "\u0645\u062f\u0644\u200c \u0627\u0633\u062a\u0641\u0627\u062f\u0647 \u0627\u0632 \u06a9\u0644\u0645\u0627\u062a \u0646\u0631\u0645\u200c\u0627\u0641\u0632\u0627\u0631\u06cc"}, {"word": "Code Language Models (Code-LMs)", "translation": "\u0645\u062f\u0644\u200c\u0647\u0627\u06cc \u0632\u0628\u0627\u0646\u06cc \u06a9\u062f"}, {"word": "SE For AI ", "translation": "\u0645\u0647\u0646\u062f\u0633\u06cc \u0646\u0631\u0645\u200c\u0627\u0641\u0632\u0627\u0631 \u0628\u0631\u0627\u06cc \u0647\u0648\u0634\u200c\u0645\u0635\u0646\u0648\u0639\u06cc"}, {"word": "Information Expert", "translation": "\u0645\u062a\u062e\u0635\u0635 \u0627\u0637\u0644\u0627\u0639\u0627\u062a"}], "\u062d": [{"word": "Random Access Memory (RAM)", "translation": "\u062d\u0627\u0641\u0638\u0647\u200c\u06cc \u062f\u0633\u062a\u0631\u0633\u06cc \u062a\u0635\u0627\u062f\u0641\u06cc"}, {"word": "Long Short-Term Memory (LSTM)", "translation": "\u062d\u0627\u0641\u0638\u0647\u200c\u200c\u06cc \u0637\u0648\u0644\u0627\u0646\u06cc \u06a9\u0648\u062a\u0627\u0647 \u0645\u062f\u062a"}], "\u062f": [{"word": "Epoch", "translation": "\u062f\u0648\u0631"}, {"word": "Jupyter Notebook", "translation": "\u062f\u0641\u062a\u0631\u0686\u0647\u200c\u06cc \u0698\u0648\u067e\u06cc\u062a\u0631"}, {"word": "Notebook", "translation": "\u062f\u0641\u062a\u0631\u0686\u0647"}, {"word": "Computational Notebook", "translation": "\u062f\u0641\u062a\u0631\u0686\u0647 \u0645\u062d\u0627\u0633\u0628\u0627\u062a\u06cc"}, {"word": "program comprehension", "translation": "\u062f\u0631\u06a9 \u0628\u0631\u0646\u0627\u0645\u0647"}, {"word": "temprature", "translation": "\u062f\u0645\u0627"}, {"word": "Abstract Syntax Tree (AST)", "translation": "\u062f\u0631\u062e\u062a \u0646\u062d\u0648\u06cc \u0627\u0646\u062a\u0632\u0627\u0639\u06cc"}, {"word": "sequence", "translation": "\u062f\u0646\u0628\u0627\u0644\u0647"}, {"word": "batch", "translation": "\u062f\u0633\u062a\u0647"}], "\u0641": [{"word": "Parameter", "translation": "\u0641\u0631\u0627\u0633\u0646\u062c"}, {"word": "Context", "translation": "\u0641\u062d\u0648\u0627"}, {"word": "Prompt", "translation": "\u0641\u0631\u0645\u0627\u0646"}, {"word": "contextualization", "translation": "\u0641\u062d\u0648\u0627"}, {"word": "workspace", "translation": "\u0641\u0636\u0627\u06cc \u06a9\u0627\u0631"}], "\u0631": [{"word": "Decoder", "translation": "\u0631\u0645\u0632\u06af\u0634\u0627"}, {"word": "Encoder", "translation": "\u0631\u0645\u0632\u06af\u0630\u0627\u0631"}, {"word": "Practice", "translation": "\u0631\u0648\u06cc\u0647\u200c\u0647\u0627\u06cc \u06a9\u0627\u0631\u06cc"}, {"word": "user manual", "translation": "\u0631\u0627\u0647\u0646\u0645\u0627\u06cc \u06a9\u0627\u0631\u0628\u0631\u06cc"}, {"word": "Page Ranking", "translation": "\u0631\u062a\u0628\u0647 \u0628\u0646\u062f\u06cc \u0635\u0641\u062d\u0647"}, {"word": "workflow", "translation": "\u0631\u0648\u0646\u062f \u06a9\u0627\u0631\u06cc"}], "\u06a9": [{"word": "Source Code", "translation": "\u06a9\u062f \u0645\u0646\u0628\u0639"}, {"word": "code2seq", "translation": "\u06a9\u062f \u0628\u0647 \u062a\u0648\u0627\u0644\u06cc"}, {"word": "version control", "translation": "\u06a9\u0646\u062a\u0631\u0644 \u0646\u0633\u062e\u0647"}, {"word": "bag-of-paths", "translation": "\u06a9\u06cc\u0633\u0647\u200c\u0627\u06cc \u0627\u0632 \u0645\u0633\u06cc\u0631\u0647\u0627"}, {"word": "binary code", "translation": "\u06a9\u062f \u0628\u0627\u06cc\u0646\u0631\u06cc"}, {"word": "Client", "translation": "\u06a9\u0627\u0631\u062e\u0648\u0627\u0647"}], "\u0633": [{"word": "code cell", "translation": "\u0633\u0644\u0648\u0644 \u06a9\u062f"}, {"word": "cell", "translation": "\u0633\u0644\u0648\u0644"}, {"word": "organization", "translation": "\u0633\u0627\u0632\u0645\u0627\u0646"}, {"word": "narrative structure", "translation": "\u0633\u0627\u062e\u062a\u0627\u0631 \u0631\u0648\u0627\u06cc\u062a\u06cc"}, {"word": "Dialogue Systems", "translation": "\u0633\u06cc\u0633\u062a\u0645\u200c\u0647\u0627\u06cc \u0645\u062d\u0627\u0648\u0631\u0647\u200c\u0627\u06cc"}], "\u0634": [{"word": "ID", "translation": "\u0634\u0646\u0627\u0633\u0647"}, {"word": "Cognitive", "translation": "\u0634\u0646\u0627\u062e\u062a\u06cc"}, {"word": "Recurrent Neural Network (RNN)", "translation": "\u0634\u0628\u06a9\u0647\u200c\u0647\u0627\u06cc \u0639\u0635\u0628\u06cc \u0628\u0627\u0632\u06af\u0634\u062a\u06cc\u060c \n\u0634\u0628\u06a9\u0647\u200c\u0647\u0627\u06cc \u0639\u0635\u0628\u06cc \u062a\u06a9\u0631\u0627\u0631\u0634\u0648\u0646\u062f\u0647"}, {"word": "Convolutional Neural Network (CNN)", "translation": "\u0634\u0628\u06a9\u0647\u200c\u0647\u0627\u06cc \u0639\u0635\u0628\u06cc \u06a9\u0627\u0646\u0648\u0644\u0648\u0634\u0646\u06cc"}, {"word": "Graph Convolutional Network", "translation": "\u0634\u0628\u06a9\u0647\u200c\u06cc \u067e\u06cc\u0686\u0634\u06cc \u06af\u0631\u0627\u0641"}, {"word": "Feedforward Neural Network", "translation": "\u0634\u0628\u06a9\u0647 \u0639\u0635\u0628\u06cc \u067e\u06cc\u0634\u062e\u0648\u0631"}, {"word": "graph neural network", "translation": "\u0634\u0628\u06a9\u0647 \u0639\u0635\u0628\u06cc \u06af\u0631\u0627\u0641\u06cc"}, {"word": "Image Captioning", "translation": "\u0634\u0631\u062d\u200c\u06af\u0630\u0627\u0631\u06cc \u062a\u0635\u0648\u06cc\u0631"}], "\u0628": [{"word": "Overfit", "translation": "\u0628\u06cc\u0634\u200c\u0628\u0631\u0627\u0632\u0634"}, {"word": "load", "translation": "\u0628\u0627\u0631\u06af\u0630\u0627\u0631\u06cc"}, {"word": "loader", "translation": "\u0628\u0627\u0631\u06af\u0630\u0627\u0631"}, {"word": "Information Retrieval", "translation": "\u0628\u0627\u0632\u06cc\u0627\u0628\u06cc \u0627\u0637\u0644\u0627\u0639\u0627\u062a"}, {"word": "thought vector", "translation": "\u0628\u0631\u062f\u0627\u0631 \u0627\u0646\u062f\u06cc\u0634\u0647"}, {"word": "refactoring", "translation": "\u0628\u0627\u0632\u0622\u0631\u0627\u06cc\u06cc"}, {"word": "package", "translation": "\u0628\u0633\u062a\u0647"}, {"word": "decompile", "translation": "\u0628\u0627\u0632\u06af\u0634\u0627\u06cc\u06cc"}, {"word": "optimizer", "translation": "\u0628\u0647\u06cc\u0646\u0647\u200c\u0633\u0627\u0632"}, {"word": "Speech Recognition", "translation": "\u0628\u0627\u0632\u0634\u0646\u0627\u0633\u06cc \u06af\u0641\u062a\u0627\u0631"}, {"word": "Computer Vision", "translation": "\u0628\u06cc\u0646\u0627\u06cc\u06cc \u06a9\u0627\u0645\u067e\u06cc\u0648\u062a\u0631"}, {"word": "reranking", "translation": "\u0628\u0627\u0632\u0686\u06cc\u0646\u0634"}], "\u0648": [{"word": "Gated Recurrent Unit (GRU)", "translation": "\u0648\u0627\u062d\u062f \u062a\u06a9\u0631\u0627\u0631\u0634\u0648\u0646\u062f\u0647 \u062f\u0631\u0648\u0627\u0632\u0647\u200c\u062f\u0627\u0631"}, {"word": "API", "translation": "\u0648\u0627\u0633\u0637 \u0628\u0631\u0646\u0627\u0645\u0647 \u0646\u0648\u06cc\u0633\u06cc \u0646\u0631\u0645 \u0627\u0641\u0632\u0627\u0631"}, {"word": "feature", "translation": "\u0648\u06cc\u0698\u06af\u06cc"}, {"word": "interface", "translation": "\u0648\u0627\u0633\u0637"}, {"word": "delegation", "translation": "\u0648\u0627\u0633\u067e\u0627\u0631\u06cc"}, {"word": "inheritance", "translation": "\u0648\u0631\u0627\u062b\u062a"}, {"word": "Rectified Linear Unit (ReLU)", "translation": "\u0648\u0627\u062d\u062f \u062e\u0637\u06cc \u0627\u0635\u0644\u0627\u062d\u200c\u0634\u062f\u0647"}], "\u06cc": [{"word": "Deep-Learning", "translation": "\u06cc\u0627\u062f\u06af\u06cc\u0631\u06cc \u0639\u0645\u06cc\u0642"}, {"word": "Few-Shot Learning", "translation": "\u06cc\u0627\u062f\u06af\u06cc\u0631\u06cc \u0628\u0627 \u062a\u0639\u062f\u0627\u062f \u06a9\u0645 \u0646\u0645\u0648\u0646\u0647\u200c\u0647\u0627"}, {"word": "One-Shot Learning", "translation": "\u06cc\u0627\u062f\u06af\u06cc\u0631\u06cc \u0628\u0627 \u06cc\u06a9 \u0646\u0645\u0648\u0646\u0647"}, {"word": "Zero-Shot Learning", "translation": "\u06cc\u0627\u062f\u06af\u06cc\u0631\u06cc \u0628\u062f\u0648\u0646 \u0646\u0645\u0648\u0646\u0647"}, {"word": "In-context Learning", "translation": "\u06cc\u0627\u062f\u06af\u06cc\u0631\u06cc \u062f\u0631\u0648\u0646\u200c\u0645\u062a\u0646\u06cc"}, {"word": "Reinforcement Learning", "translation": "\u06cc\u0627\u062f\u06af\u06cc\u0631\u06cc \u062a\u0642\u0648\u06cc\u062a\u06cc"}], "\u067e": [{"word": "Natural Language Processing", "translation": "\u067e\u0631\u062f\u0627\u0632\u0634 \u0632\u0628\u0627\u0646 \u0637\u0628\u06cc\u0639\u06cc"}, {"word": "pre-trained", "translation": "\u067e\u06cc\u0634 \u0622\u0645\u0648\u0632\u0634 \u062f\u06cc\u062f\u0647"}, {"word": "padding", "translation": "\u067e\u0631 \u06a9\u0646\u0646\u062f\u0647"}, {"word": "query", "translation": "\u067e\u0631\u0633 \u0648 \u062c\u0648\u060c \u067e\u0631\u0633\u0645\u0627\u0646"}, {"word": "Codebase", "translation": "\u067e\u0627\u06cc\u06af\u0627\u0647 \u06a9\u062f"}, {"word": "paradigm", "translation": "\u067e\u0627\u0631\u062f\u0627\u06cc\u0645"}, {"word": "Cyclomatic Complexity", "translation": "\u067e\u06cc\u0686\u06cc\u062f\u06af\u06cc \u0633\u0627\u06cc\u06a9\u0644\u0648\u0645\u062a\u06cc\u06a9"}, {"word": "encapsulation", "translation": "\u067e\u0648\u0634\u06cc\u062f\u0647\u200c\u0633\u0627\u0632\u06cc"}, {"word": "Module", "translation": "\u067e\u06cc\u0645\u0627\u0646\u0647"}], "\u0646": [{"word": "Prototyping", "translation": "\u0646\u0645\u0648\u0646\u0647\u200c\u0627\u0648\u0644\u06cc\u0647\u200c\u06af\u06cc\u0631\u06cc"}, {"word": "shot", "translation": "\u0646\u0645\u0648\u0646\u0647\u200c"}, {"word": "checkpoint", "translation": "\u0646\u0642\u0637\u0647 \u0630\u062e\u06cc\u0631\u0647"}, {"word": "facade", "translation": "\u0646\u0645\u0627"}, {"word": "Code Smell", "translation": "\u0646\u0634\u0627\u0646\u0647\u200c\u0647\u0627\u06cc \u0628\u062f \u06a9\u062f"}, {"word": "Graphical Processing Unit (GPU)", "translation": "\u0646\u0645\u0627\u067e\u0631\u062f\u0627\u0632\u0646\u062f\u0647"}], "\u062a": [{"word": "shot sampler", "translation": "\u062a\u0648\u0644\u06cc\u062f \u06a9\u0646\u0646\u062f\u0647\u200c\u06cc \u0646\u0645\u0648\u0646\u0647"}, {"word": "random", "translation": "\u062a\u0635\u0627\u062f\u0641\u06cc"}, {"word": "cosine similarity", "translation": "\u062a\u0634\u0627\u0628\u0647 \u06a9\u0633\u06cc\u0646\u0648\u0633\u06cc"}, {"word": "utility", "translation": "\u062a\u0633\u0647\u06cc\u0644\u0627\u062a"}, {"word": "seq2seq", "translation": "\u062a\u0648\u0627\u0644\u06cc \u0628\u0647 \u062a\u0648\u0627\u0644\u06cc"}, {"word": "attention", "translation": "\u062a\u0648\u062c\u0647"}, {"word": "assertion", "translation": "\u062a\u0635\u062f\u06cc\u0642"}, {"word": "collate", "translation": "\u062a\u062c\u0645\u06cc\u0639"}, {"word": "Natural Language Generation (NLG)", "translation": "\u062a\u0648\u0644\u06cc\u062f \u0632\u0628\u0627\u0646 \u0637\u0628\u06cc\u0639\u06cc"}, {"word": "Neural Machine Translation (NMT)", "translation": "\u062a\u0631\u062c\u0645\u0647 \u0645\u0627\u0634\u06cc\u0646\u06cc \u0639\u0635\u0628\u06cc"}, {"word": "program analysis", "translation": "\u062a\u062d\u0644\u06cc\u0644 \u0628\u0631\u0646\u0627\u0645\u0647"}, {"word": "extend", "translation": "\u062a\u0648\u0633\u0639\u0647"}, {"word": "hierarchical attention", "translation": "\u062a\u0648\u062c\u0647 \u0633\u0644\u0633\u0644\u0647\u200c\u0645\u0631\u0627\u062a\u0628\u06cc"}, {"word": "fine-tune", "translation": "\u062a\u0639\u062f\u06cc\u0644"}, {"word": "Machine Translation", "translation": "\u062a\u0631\u062c\u0645\u0647\u200c\u06cc \u0645\u0627\u0634\u06cc\u0646\u06cc"}, {"word": "Protected variations", "translation": "\u062a\u063a\u06cc\u06cc\u0631\u0627\u062a \u0645\u062d\u0627\u0641\u0638\u062a \u0634\u062f\u0647"}, {"word": "decorator", "translation": "\u062a\u0632\u06cc\u06cc\u0646 \u06a9\u0646\u0646\u062f\u0647"}, {"word": "Early Stopping", "translation": "\u062a\u0648\u0642\u0641 \u0632\u0648\u062f\u0647\u0646\u06af\u0627\u0645"}, {"word": "code comment", "translation": "\u062a\u0648\u0636\u06cc\u062d \u06a9\u062f"}, {"word": "multi-intent comment", "translation": "\u062a\u0648\u0636\u06cc\u062d \u06a9\u062f \u0628\u0627 \u063a\u0631\u0627\u06cc\u0636 \u0645\u062e\u062a\u0644\u0641"}], "\u0642": [{"word": "template", "translation": "\u0642\u0627\u0644\u0628"}, {"word": "Maintainability", "translation": "\u0642\u0627\u0628\u0644\u06cc\u062a \u0646\u06af\u0647\u062f\u0627\u0631\u06cc"}], "\u06af": [{"word": "Data-flow Graph", "translation": "\u06af\u0631\u0627\u0641 \u062c\u0631\u06cc\u0627\u0646 \u062f\u0627\u062f\u0647"}, {"word": "filtering", "translation": "\u06af\u0632\u06cc\u0646\u0634"}, {"word": "graph2seq", "translation": "\u06af\u0631\u0627\u0641 \u0628\u0647 \u062a\u0648\u0627\u0644\u06cc"}], "\u0647": [{"word": "halstead", "translation": "\u0647\u0627\u0644\u0633\u062a\u062f"}, {"word": "AI For SE", "translation": "\u0647\u0648\u0634\u200c\u0645\u0635\u0646\u0648\u0639\u06cc \u0628\u0631\u0627\u06cc \u0645\u0647\u0646\u062f\u0633\u06cc \u0646\u0631\u0645\u200c\u0627\u0641\u0632\u0627\u0631"}], "\u0639": [{"word": "token", "translation": "\u0639\u0644\u0627\u0645\u062a"}, {"word": "tokenizer", "translation": "\u0639\u0644\u0627\u0645\u062a \u0633\u0627\u0632"}, {"word": "concrete", "translation": "\u0639\u06cc\u0646\u06cc"}], "\u062e": [{"word": "summarizer", "translation": "\u062e\u0644\u0627\u0635\u0647 \u06a9\u0646\u0646\u062f\u0647"}, {"word": "code summarization", "translation": "\u062e\u0644\u0627\u0635\u0647\u200c\u06cc \u06a9\u062f"}, {"word": "pipeline", "translation": "\u062e\u0637 \u0644\u0648\u0644\u0647"}, {"word": "Text Summarization", "translation": "\u062e\u0644\u0627\u0635\u0647\u200c\u0633\u0627\u0632\u06cc \u0645\u062a\u0646"}], "\u0636": [{"word": "deadline", "translation": "\u0636\u0631\u0628\u200c\u0627\u0644\u0639\u062c\u0644"}], "\u0686": [{"word": "polymorphism", "translation": "\u0686\u0646\u062f \u0631\u06cc\u062e\u062a\u06cc"}], "\u0644": [{"word": "Disk", "translation": "\u0644\u0648\u062d"}]}