"\\dicalphabet{\u0627\u0644\u0641}\n\\dic{Coupling}{\u0627\u062a\u0635\u0627\u0644\u0627\u062a}\n\\dic{executable}{\u0627\u062c\u0631\u0627\u200c\u067e\u0630\u06cc\u0631}\n\\dic{adapter}{\u0622\u062f\u0627\u067e\u062a\u0648\u0631}\n\\dic{concat}{\u0627\u062f\u063a\u0627\u0645}\n\\dic{augmentation}{\u0627\u062f\u063a\u0627\u0645}\n\\dic{Evaluation}{\u0627\u0631\u0632\u06cc\u0627\u0628\u06cc}\n\\dic{evaluator}{\u0627\u0631\u0632\u06cc\u0627\u0628\u06cc \u06a9\u0646\u0646\u062f\u0647}\n\\dic{Intelligence Sofware Engineering Lab}{\u0622\u0632\u0645\u0627\u06cc\u0634\u06af\u0627\u0647 \u0645\u0647\u0646\u062f\u0633\u06cc \u0646\u0631\u0645\u200c\u0627\u0641\u0632\u0627\u0631 \u0647\u0648\u0634\u0645\u0646\u062f}\n\\dic{Testing}{\u0622\u0632\u0645\u0648\u0646}\n\\dic{unit test}{\u0622\u0632\u0645\u0648\u0646 \u0648\u0627\u062d\u062f}\n\\dic{Wilcoxon signed-rank test}{\u0622\u0632\u0645\u0648\u0646 \u0648\u06cc\u0644\u06a9\u0627\u06a9\u0633\u0648\u0646 \u0631\u062a\u0628\u0647 \u0639\u0644\u0627\u0645\u062a \u062f\u0627\u0631}\n\\dic{end-to-end test}{\u0622\u0632\u0645\u0648\u0646 \u067e\u0627\u06cc\u0627\u0646 \u0628\u0647 \u067e\u0627\u06cc\u0627\u0646}\n\\dic{derivation}{\u0627\u0634\u062a\u0642\u0627\u0642}\n\\dic{10-Fold Cross Validation}{\u0627\u0639\u062a\u0628\u0627\u0631\u0633\u0646\u062c\u06cc \u0645\u062a\u0642\u0627\u0628\u0644 \u062f\u0647 \u0628\u0631\u0627\u0628\u0631\u06cc}\n\\dic{visitor design pattern}{\u0627\u0644\u06af\u0648\u06cc \u0637\u0631\u0627\u062d\u06cc \u0628\u0627\u0632\u062f\u06cc\u062f\u06a9\u0646\u0646\u062f\u0647}\n\\dic{function signature}{\u0627\u0645\u0636\u0627\u06cc \u062a\u0627\u0628\u0639}\n\\dic{training}{\u0622\u0645\u0648\u0632\u0634\u06cc}\n\\dic{Cohesion}{\u0627\u0646\u0633\u062c\u0627\u0645}\n\\dic{develop}{\u0627\u06cc\u062c\u0627\u062f}\n\\dic{developer}{\u0627\u06cc\u062c\u0627\u062f\u06a9\u0646\u0646\u062f\u0647}\n\\dic{static}{\u0627\u06cc\u0633\u062a\u0627}\n\n\\dicalphabet{\u0628}\n\\dic{loader}{\u0628\u0627\u0631\u06af\u0630\u0627\u0631}\n\\dic{load}{\u0628\u0627\u0631\u06af\u0630\u0627\u0631\u06cc}\n\\dic{refactoring}{\u0628\u0627\u0632\u0622\u0631\u0627\u06cc\u06cc}\n\\dic{Speech Recognition}{\u0628\u0627\u0632\u0634\u0646\u0627\u0633\u06cc \u06af\u0641\u062a\u0627\u0631}\n\\dic{reranking}{\u0628\u0627\u0632\u0686\u06cc\u0646\u0634}\n\\dic{decompile}{\u0628\u0627\u0632\u06af\u0634\u0627\u06cc\u06cc}\n\\dic{Information Retrieval}{\u0628\u0627\u0632\u06cc\u0627\u0628\u06cc \u0627\u0637\u0644\u0627\u0639\u0627\u062a}\n\\dic{thought vector}{\u0628\u0631\u062f\u0627\u0631 \u0627\u0646\u062f\u06cc\u0634\u0647}\n\\dic{package}{\u0628\u0633\u062a\u0647}\n\\dic{optimizer}{\u0628\u0647\u06cc\u0646\u0647\u200c\u0633\u0627\u0632}\n\\dic{Overfit}{\u0628\u06cc\u0634\u200c\u0628\u0631\u0627\u0632\u0634}\n\\dic{Computer Vision}{\u0628\u06cc\u0646\u0627\u06cc\u06cc \u06a9\u0627\u0645\u067e\u06cc\u0648\u062a\u0631}\n\n\\dicalphabet{\u062a}\n\\dic{collate}{\u062a\u062c\u0645\u06cc\u0639}\n\\dic{program analysis}{\u062a\u062d\u0644\u06cc\u0644 \u0628\u0631\u0646\u0627\u0645\u0647}\n\\dic{Neural Machine Translation (NMT)}{\u062a\u0631\u062c\u0645\u0647 \u0645\u0627\u0634\u06cc\u0646\u06cc \u0639\u0635\u0628\u06cc}\n\\dic{Machine Translation}{\u062a\u0631\u062c\u0645\u0647\u200c\u06cc \u0645\u0627\u0634\u06cc\u0646\u06cc}\n\\dic{decorator}{\u062a\u0632\u06cc\u06cc\u0646 \u06a9\u0646\u0646\u062f\u0647}\n\\dic{utility}{\u062a\u0633\u0647\u06cc\u0644\u0627\u062a}\n\\dic{cosine similarity}{\u062a\u0634\u0627\u0628\u0647 \u06a9\u0633\u06cc\u0646\u0648\u0633\u06cc}\n\\dic{random}{\u062a\u0635\u0627\u062f\u0641\u06cc}\n\\dic{assertion}{\u062a\u0635\u062f\u06cc\u0642}\n\\dic{fine-tune}{\u062a\u0639\u062f\u06cc\u0644}\n\\dic{Protected variations}{\u062a\u063a\u06cc\u06cc\u0631\u0627\u062a \u0645\u062d\u0627\u0641\u0638\u062a \u0634\u062f\u0647}\n\\dic{seq2seq}{\u062a\u0648\u0627\u0644\u06cc \u0628\u0647 \u062a\u0648\u0627\u0644\u06cc}\n\\dic{attention}{\u062a\u0648\u062c\u0647}\n\\dic{hierarchical attention}{\u062a\u0648\u062c\u0647 \u0633\u0644\u0633\u0644\u0647\u200c\u0645\u0631\u0627\u062a\u0628\u06cc}\n\\dic{extend}{\u062a\u0648\u0633\u0639\u0647}\n\\dic{code comment}{\u062a\u0648\u0636\u06cc\u062d \u06a9\u062f}\n\\dic{multi-intent comment}{\u062a\u0648\u0636\u06cc\u062d \u06a9\u062f \u0628\u0627 \u063a\u0631\u0627\u06cc\u0636 \u0645\u062e\u062a\u0644\u0641}\n\\dic{Early Stopping}{\u062a\u0648\u0642\u0641 \u0632\u0648\u062f\u0647\u0646\u06af\u0627\u0645}\n\\dic{Natural Language Generation (NLG)}{\u062a\u0648\u0644\u06cc\u062f \u0632\u0628\u0627\u0646 \u0637\u0628\u06cc\u0639\u06cc}\n\\dic{shot sampler}{\u062a\u0648\u0644\u06cc\u062f \u06a9\u0646\u0646\u062f\u0647\u200c\u06cc \u0646\u0645\u0648\u0646\u0647}\n\n\\dicalphabet{\u062d}\n\\dic{Random Access Memory (RAM)}{\u062d\u0627\u0641\u0638\u0647\u200c\u06cc \u062f\u0633\u062a\u0631\u0633\u06cc \u062a\u0635\u0627\u062f\u0641\u06cc}\n\\dic{Long Short-Term Memory (LSTM)}{\u062d\u0627\u0641\u0638\u0647\u200c\u200c\u06cc \u0637\u0648\u0644\u0627\u0646\u06cc \u06a9\u0648\u062a\u0627\u0647 \u0645\u062f\u062a}\n\n\\dicalphabet{\u062e}\n\\dic{pipeline}{\u062e\u0637 \u0644\u0648\u0644\u0647}\n\\dic{summarizer}{\u062e\u0644\u0627\u0635\u0647 \u06a9\u0646\u0646\u062f\u0647}\n\\dic{Text Summarization}{\u062e\u0644\u0627\u0635\u0647\u200c\u0633\u0627\u0632\u06cc \u0645\u062a\u0646}\n\\dic{code summarization}{\u062e\u0644\u0627\u0635\u0647\u200c\u06cc \u06a9\u062f}\n\n\\dicalphabet{\u062f}\n\\dic{Abstract Syntax Tree (AST)}{\u062f\u0631\u062e\u062a \u0646\u062d\u0648\u06cc \u0627\u0646\u062a\u0632\u0627\u0639\u06cc}\n\\dic{program comprehension}{\u062f\u0631\u06a9 \u0628\u0631\u0646\u0627\u0645\u0647}\n\\dic{batch}{\u062f\u0633\u062a\u0647}\n\\dic{Notebook}{\u062f\u0641\u062a\u0631\u0686\u0647}\n\\dic{Computational Notebook}{\u062f\u0641\u062a\u0631\u0686\u0647 \u0645\u062d\u0627\u0633\u0628\u0627\u062a\u06cc}\n\\dic{Jupyter Notebook}{\u062f\u0641\u062a\u0631\u0686\u0647\u200c\u06cc \u0698\u0648\u067e\u06cc\u062a\u0631}\n\\dic{temprature}{\u062f\u0645\u0627}\n\\dic{sequence}{\u062f\u0646\u0628\u0627\u0644\u0647}\n\\dic{Epoch}{\u062f\u0648\u0631}\n\n\\dicalphabet{\u0631}\n\\dic{user manual}{\u0631\u0627\u0647\u0646\u0645\u0627\u06cc \u06a9\u0627\u0631\u0628\u0631\u06cc}\n\\dic{Page Ranking}{\u0631\u062a\u0628\u0647 \u0628\u0646\u062f\u06cc \u0635\u0641\u062d\u0647}\n\\dic{Encoder}{\u0631\u0645\u0632\u06af\u0630\u0627\u0631}\n\\dic{Decoder}{\u0631\u0645\u0632\u06af\u0634\u0627}\n\\dic{workflow}{\u0631\u0648\u0646\u062f \u06a9\u0627\u0631\u06cc}\n\\dic{Practice}{\u0631\u0648\u06cc\u0647\u200c\u0647\u0627\u06cc \u06a9\u0627\u0631\u06cc}\n\n\\dicalphabet{\u0632}\n\\dic{Context}{\u0632\u0645\u06cc\u0646\u0647}\n\\dic{loss}{\u0632\u06cc\u0627\u0646}\n\\dic{Setup}{\u0632\u06cc\u0631\u0628\u0646\u0627}\n\n\\dicalphabet{\u0633}\n\\dic{narrative structure}{\u0633\u0627\u062e\u062a\u0627\u0631 \u0631\u0648\u0627\u06cc\u062a\u06cc}\n\\dic{organization}{\u0633\u0627\u0632\u0645\u0627\u0646}\n\\dic{cell}{\u0633\u0644\u0648\u0644}\n\\dic{code cell}{\u0633\u0644\u0648\u0644 \u06a9\u062f}\n\\dic{Dialogue Systems}{\u0633\u06cc\u0633\u062a\u0645\u200c\u0647\u0627\u06cc \u0645\u062d\u0627\u0648\u0631\u0647\u200c\u0627\u06cc}\n\n\\dicalphabet{\u0634}\n\\dic{Feedforward Neural Network}{\u0634\u0628\u06a9\u0647 \u0639\u0635\u0628\u06cc \u067e\u06cc\u0634\u062e\u0648\u0631}\n\\dic{graph neural network}{\u0634\u0628\u06a9\u0647 \u0639\u0635\u0628\u06cc \u06af\u0631\u0627\u0641\u06cc}\n\\dic{Recurrent Neural Network (RNN)}{\u0634\u0628\u06a9\u0647\u200c\u0647\u0627\u06cc \u0639\u0635\u0628\u06cc \u0628\u0627\u0632\u06af\u0634\u062a\u06cc\u060c \n\u0634\u0628\u06a9\u0647\u200c\u0647\u0627\u06cc \u0639\u0635\u0628\u06cc \u062a\u06a9\u0631\u0627\u0631\u0634\u0648\u0646\u062f\u0647}\n\\dic{Convolutional Neural Network (CNN)}{\u0634\u0628\u06a9\u0647\u200c\u0647\u0627\u06cc \u0639\u0635\u0628\u06cc \u06a9\u0627\u0646\u0648\u0644\u0648\u0634\u0646\u06cc}\n\\dic{Graph Convolutional Network}{\u0634\u0628\u06a9\u0647\u200c\u06cc \u067e\u06cc\u0686\u0634\u06cc \u06af\u0631\u0627\u0641}\n\\dic{Image Captioning}{\u0634\u0631\u062d\u200c\u06af\u0630\u0627\u0631\u06cc \u062a\u0635\u0648\u06cc\u0631}\n\\dic{Cognitive}{\u0634\u0646\u0627\u062e\u062a\u06cc}\n\\dic{ID}{\u0634\u0646\u0627\u0633\u0647}\n\n\\dicalphabet{\u0636}\n\\dic{deadline}{\u0636\u0631\u0628\u200c\u0627\u0644\u0639\u062c\u0644}\n\n\\dicalphabet{\u0639}\n\\dic{token}{\u0639\u0644\u0627\u0645\u062a}\n\\dic{tokenizer}{\u0639\u0644\u0627\u0645\u062a \u0633\u0627\u0632}\n\\dic{concrete}{\u0639\u06cc\u0646\u06cc}\n\n\\dicalphabet{\u0641}\n\\dic{Context}{\u0641\u062d\u0648\u0627}\n\\dic{contextualization}{\u0641\u062d\u0648\u0627}\n\\dic{Parameter}{\u0641\u0631\u0627\u0633\u0646\u062c}\n\\dic{Prompt}{\u0641\u0631\u0645\u0627\u0646}\n\\dic{workspace}{\u0641\u0636\u0627\u06cc \u06a9\u0627\u0631}\n\n\\dicalphabet{\u0642}\n\\dic{Maintainability}{\u0642\u0627\u0628\u0644\u06cc\u062a \u0646\u06af\u0647\u062f\u0627\u0631\u06cc}\n\\dic{template}{\u0642\u0627\u0644\u0628}\n\n\\dicalphabet{\u0644}\n\\dic{Disk}{\u0644\u0648\u062d}\n\n\\dicalphabet{\u0645}\n\\dic{embedding}{\u0645\u0627\u062a\u0631\u06cc\u0633 \u0627\u0646\u062a\u0635\u0627\u0628}\n\\dic{Markdown}{\u0645\u0627\u0631\u06a9\u062f\u0627\u0648\u0646}\n\\dic{Transformer}{\u0645\u0628\u062f\u0644}\n\\dic{Information Expert}{\u0645\u062a\u062e\u0635\u0635 \u0627\u0637\u0644\u0627\u0639\u0627\u062a}\n\\dic{Script}{\u0645\u062a\u0646}\n\\dic{code repository}{\u0645\u062e\u0632\u0646 \u06a9\u062f}\n\\dic{Software Word Usage Model (SWUM)}{\u0645\u062f\u0644\u200c \u0627\u0633\u062a\u0641\u0627\u062f\u0647 \u0627\u0632 \u06a9\u0644\u0645\u0627\u062a \u0646\u0631\u0645\u200c\u0627\u0641\u0632\u0627\u0631\u06cc}\n\\dic{Large Language Models (LLM)}{\u0645\u062f\u0644\u200c\u0647\u0627\u06cc \u0628\u0632\u0631\u06af \u0632\u0628\u0627\u0646\u06cc}\n\\dic{Code Language Models (Code-LMs)}{\u0645\u062f\u0644\u200c\u0647\u0627\u06cc \u0632\u0628\u0627\u0646\u06cc \u06a9\u062f}\n\\dic{Traditional}{\u0645\u0631\u0633\u0648\u0645}\n\\dic{artifact}{\u0645\u0635\u0646\u0648\u0639}\n\\dic{Metric}{\u0645\u0639\u06cc\u0627\u0631}\n\\dic{Code Quality Metrics}{\u0645\u0639\u06cc\u0627\u0631\u0647\u0627\u06cc \u06a9\u06cc\u0641\u06cc\u062a \u06a9\u062f}\n\\dic{p value}{\u0645\u0642\u062f\u0627\u0631 \u0627\u062d\u062a\u0645\u0627\u0644}\n\\dic{False Negative}{\u0645\u0646\u0641\u06cc \u06a9\u0627\u0630\u0628}\n\\dic{prompt engineering}{\u0645\u0647\u0646\u062f\u0633\u06cc \u0641\u0631\u0645\u0627\u0646}\n\\dic{SE For AI }{\u0645\u0647\u0646\u062f\u0633\u06cc \u0646\u0631\u0645\u200c\u0627\u0641\u0632\u0627\u0631 \u0628\u0631\u0627\u06cc \u0647\u0648\u0634\u200c\u0645\u0635\u0646\u0648\u0639\u06cc}\n\n\\dicalphabet{\u0646}\n\\dic{Code Smell}{\u0646\u0634\u0627\u0646\u0647\u200c\u0647\u0627\u06cc \u0628\u062f \u06a9\u062f}\n\\dic{checkpoint}{\u0646\u0642\u0637\u0647 \u0630\u062e\u06cc\u0631\u0647}\n\\dic{facade}{\u0646\u0645\u0627}\n\\dic{Graphical Processing Unit (GPU)}{\u0646\u0645\u0627\u067e\u0631\u062f\u0627\u0632\u0646\u062f\u0647}\n\\dic{shot}{\u0646\u0645\u0648\u0646\u0647\u200c}\n\\dic{Prototyping}{\u0646\u0645\u0648\u0646\u0647\u200c\u0627\u0648\u0644\u06cc\u0647\u200c\u06af\u06cc\u0631\u06cc}\n\n\\dicalphabet{\u0647}\n\\dic{halstead}{\u0647\u0627\u0644\u0633\u062a\u062f}\n\\dic{AI For SE}{\u0647\u0648\u0634\u200c\u0645\u0635\u0646\u0648\u0639\u06cc \u0628\u0631\u0627\u06cc \u0645\u0647\u0646\u062f\u0633\u06cc \u0646\u0631\u0645\u200c\u0627\u0641\u0632\u0627\u0631}\n\n\\dicalphabet{\u0648}\n\\dic{Gated Recurrent Unit (GRU)}{\u0648\u0627\u062d\u062f \u062a\u06a9\u0631\u0627\u0631\u0634\u0648\u0646\u062f\u0647 \u062f\u0631\u0648\u0627\u0632\u0647\u200c\u062f\u0627\u0631}\n\\dic{Rectified Linear Unit (ReLU)}{\u0648\u0627\u062d\u062f \u062e\u0637\u06cc \u0627\u0635\u0644\u0627\u062d\u200c\u0634\u062f\u0647}\n\\dic{interface}{\u0648\u0627\u0633\u0637}\n\\dic{API}{\u0648\u0627\u0633\u0637 \u0628\u0631\u0646\u0627\u0645\u0647 \u0646\u0648\u06cc\u0633\u06cc \u0646\u0631\u0645 \u0627\u0641\u0632\u0627\u0631}\n\\dic{delegation}{\u0648\u0627\u0633\u067e\u0627\u0631\u06cc}\n\\dic{inheritance}{\u0648\u0631\u0627\u062b\u062a}\n\\dic{feature}{\u0648\u06cc\u0698\u06af\u06cc}\n\n\\dicalphabet{\u067e}\n\\dic{paradigm}{\u067e\u0627\u0631\u062f\u0627\u06cc\u0645}\n\\dic{Codebase}{\u067e\u0627\u06cc\u06af\u0627\u0647 \u06a9\u062f}\n\\dic{padding}{\u067e\u0631 \u06a9\u0646\u0646\u062f\u0647}\n\\dic{Natural Language Processing}{\u067e\u0631\u062f\u0627\u0632\u0634 \u0632\u0628\u0627\u0646 \u0637\u0628\u06cc\u0639\u06cc}\n\\dic{query}{\u067e\u0631\u0633 \u0648 \u062c\u0648\u060c \u067e\u0631\u0633\u0645\u0627\u0646}\n\\dic{encapsulation}{\u067e\u0648\u0634\u06cc\u062f\u0647\u200c\u0633\u0627\u0632\u06cc}\n\\dic{pre-trained}{\u067e\u06cc\u0634 \u0622\u0645\u0648\u0632\u0634 \u062f\u06cc\u062f\u0647}\n\\dic{Module}{\u067e\u06cc\u0645\u0627\u0646\u0647}\n\\dic{Cyclomatic Complexity}{\u067e\u06cc\u0686\u06cc\u062f\u06af\u06cc \u0633\u0627\u06cc\u06a9\u0644\u0648\u0645\u062a\u06cc\u06a9}\n\n\\dicalphabet{\u0686}\n\\dic{polymorphism}{\u0686\u0646\u062f \u0631\u06cc\u062e\u062a\u06cc}\n\n\\dicalphabet{\u06a9}\n\\dic{Client}{\u06a9\u0627\u0631\u062e\u0648\u0627\u0647}\n\\dic{binary code}{\u06a9\u062f \u0628\u0627\u06cc\u0646\u0631\u06cc}\n\\dic{code2seq}{\u06a9\u062f \u0628\u0647 \u062a\u0648\u0627\u0644\u06cc}\n\\dic{Source Code}{\u06a9\u062f \u0645\u0646\u0628\u0639}\n\\dic{version control}{\u06a9\u0646\u062a\u0631\u0644 \u0646\u0633\u062e\u0647}\n\\dic{bag-of-paths}{\u06a9\u06cc\u0633\u0647\u200c\u0627\u06cc \u0627\u0632 \u0645\u0633\u06cc\u0631\u0647\u0627}\n\n\\dicalphabet{\u06af}\n\\dic{graph2seq}{\u06af\u0631\u0627\u0641 \u0628\u0647 \u062a\u0648\u0627\u0644\u06cc}\n\\dic{Data-flow Graph}{\u06af\u0631\u0627\u0641 \u062c\u0631\u06cc\u0627\u0646 \u062f\u0627\u062f\u0647}\n\\dic{filtering}{\u06af\u0632\u06cc\u0646\u0634}\n\n\\dicalphabet{\u06cc}\n\\dic{Few-Shot Learning}{\u06cc\u0627\u062f\u06af\u06cc\u0631\u06cc \u0628\u0627 \u062a\u0639\u062f\u0627\u062f \u06a9\u0645 \u0646\u0645\u0648\u0646\u0647\u200c\u0647\u0627}\n\\dic{One-Shot Learning}{\u06cc\u0627\u062f\u06af\u06cc\u0631\u06cc \u0628\u0627 \u06cc\u06a9 \u0646\u0645\u0648\u0646\u0647}\n\\dic{Zero-Shot Learning}{\u06cc\u0627\u062f\u06af\u06cc\u0631\u06cc \u0628\u062f\u0648\u0646 \u0646\u0645\u0648\u0646\u0647}\n\\dic{Reinforcement Learning}{\u06cc\u0627\u062f\u06af\u06cc\u0631\u06cc \u062a\u0642\u0648\u06cc\u062a\u06cc}\n\\dic{In-context Learning}{\u06cc\u0627\u062f\u06af\u06cc\u0631\u06cc \u062f\u0631\u0648\u0646\u200c\u0645\u062a\u0646\u06cc}\n\\dic{Deep-Learning}{\u06cc\u0627\u062f\u06af\u06cc\u0631\u06cc \u0639\u0645\u06cc\u0642}\n"